---
source: crates/provider-openai/tests/p15_gate.rs
expression: canonical
---
{
  "id": "rs-1",
  "summary": "checked constraints",
  "protected_blob_ref": "blob-openai-1",
  "opaque_metadata": {
    "openai.responses.summary_entries": [
      {
        "text": "checked constraints",
        "type": "summary_text"
      }
    ]
  }
}
