[1788021283689] serve starting profile=r6-terminal
[1788021283689] host_ready socket=/private/tmp/pawork-ui-fixture.Nduzqt/data/pawork-gui.sock
ui_fixture serving on /private/tmp/pawork-ui-fixture.Nduzqt/data/pawork-gui.sock (barriers /private/tmp/pawork-ui-fixture.Nduzqt/barriers)
[1788021286258] accepted connection connection-0
[1788021420936] drop_socket done
[1788021448177] accepted connection connection-1
[1788021477235] serve_stop request
[1788021477238] shutdown complete
ui_fixture serve stopped
[1788021480238] serve starting profile=r6-resources
[1788021480239] host_ready socket=/private/tmp/pawork-ui-fixture.Nduzqt/data/pawork-gui.sock
ui_fixture serving on /private/tmp/pawork-ui-fixture.Nduzqt/data/pawork-gui.sock (barriers /private/tmp/pawork-ui-fixture.Nduzqt/barriers)
[1788021480959] accepted connection connection-0
[1788021482689] serve_stop request
[1788021482689] shutdown complete
ui_fixture serve stopped
[1788021485269] serve starting profile=r6-read-only
[1788021485270] host_ready socket=/private/tmp/pawork-ui-fixture.Nduzqt/data/pawork-gui.sock
ui_fixture serving on /private/tmp/pawork-ui-fixture.Nduzqt/data/pawork-gui.sock (barriers /private/tmp/pawork-ui-fixture.Nduzqt/barriers)
[1788021485971] accepted connection connection-0
