[1788022482353] serve starting profile=r6-terminal
[1788022482354] host_ready socket=/private/tmp/pawork-ui-fixture.efpRlz/data/pawork-gui.sock
ui_fixture serving on /private/tmp/pawork-ui-fixture.efpRlz/data/pawork-gui.sock (barriers /private/tmp/pawork-ui-fixture.efpRlz/barriers)
[1788022491349] accepted connection connection-0
[1788022626959] drop_socket done
[1788022653762] accepted connection connection-1
[1788022682402] serve_stop request
[1788022682405] shutdown complete
ui_fixture serve stopped
[1788022685342] serve starting profile=r6-resources
[1788022685343] host_ready socket=/private/tmp/pawork-ui-fixture.efpRlz/data/pawork-gui.sock
ui_fixture serving on /private/tmp/pawork-ui-fixture.efpRlz/data/pawork-gui.sock (barriers /private/tmp/pawork-ui-fixture.efpRlz/barriers)
[1788022686033] accepted connection connection-0
[1788022687665] serve_stop request
[1788022687666] shutdown complete
ui_fixture serve stopped
[1788022690177] serve starting profile=r6-read-only
[1788022690178] host_ready socket=/private/tmp/pawork-ui-fixture.efpRlz/data/pawork-gui.sock
ui_fixture serving on /private/tmp/pawork-ui-fixture.efpRlz/data/pawork-gui.sock (barriers /private/tmp/pawork-ui-fixture.efpRlz/barriers)
[1788022690821] accepted connection connection-0
