---
source: crates/provider-xai/tests/p15_gate.rs
expression: source
---
{
  "title": "D",
  "snippet": "doc body",
  "text": "doc body",
  "document_index": 2,
  "raw_metadata": {
    "document_index": 2,
    "text": "doc body",
    "title": "D",
    "type": "document",
    "xai_source_kind": "document"
  }
}
