[1788021877818] serve starting profile=r6-terminal
[1788021877818] host_ready socket=/private/tmp/pawork-ui-fixture.jsYGU5/data/pawork-gui.sock
ui_fixture serving on /private/tmp/pawork-ui-fixture.jsYGU5/data/pawork-gui.sock (barriers /private/tmp/pawork-ui-fixture.jsYGU5/barriers)
[1788021880213] accepted connection connection-0
[1788022015701] drop_socket done
[1788022043140] accepted connection connection-1
[1788022072591] serve_stop request
[1788022072594] shutdown complete
ui_fixture serve stopped
[1788022075536] serve starting profile=r6-resources
[1788022075536] host_ready socket=/private/tmp/pawork-ui-fixture.jsYGU5/data/pawork-gui.sock
ui_fixture serving on /private/tmp/pawork-ui-fixture.jsYGU5/data/pawork-gui.sock (barriers /private/tmp/pawork-ui-fixture.jsYGU5/barriers)
[1788022076222] accepted connection connection-0
[1788022077851] serve_stop request
[1788022077851] shutdown complete
ui_fixture serve stopped
[1788022080123] serve starting profile=r6-read-only
[1788022080123] host_ready socket=/private/tmp/pawork-ui-fixture.jsYGU5/data/pawork-gui.sock
ui_fixture serving on /private/tmp/pawork-ui-fixture.jsYGU5/data/pawork-gui.sock (barriers /private/tmp/pawork-ui-fixture.jsYGU5/barriers)
[1788022080786] accepted connection connection-0
