[1787959597129] serve starting
[1787959597129] host_ready socket=/private/tmp/pawork-ui-fixture.0SwQCd/data/pawork-gui.sock
ui_fixture serving on /private/tmp/pawork-ui-fixture.0SwQCd/data/pawork-gui.sock (barriers /private/tmp/pawork-ui-fixture.0SwQCd/barriers)
[1787959609610] accepted connection connection-0
[ui_fixture] provider stream called
[ui_fixture] provider stream done: ok=false
[1787959619694] drop_socket done
[1787959620204] serve_stop request
[1787959620204] shutdown complete
ui_fixture serve stopped
[1787959622953] serve starting
[1787959622954] host_ready socket=/private/tmp/pawork-ui-fixture.0SwQCd/data/pawork-gui.sock
ui_fixture serving on /private/tmp/pawork-ui-fixture.0SwQCd/data/pawork-gui.sock (barriers /private/tmp/pawork-ui-fixture.0SwQCd/barriers)
[1787959623123] accepted connection connection-0
[ui_fixture] provider stream called
[ui_fixture] provider stream done: ok=true
[ui_fixture] provider stream called
[ui_fixture] provider stream done: ok=false
[ui_fixture] provider stream called
[ui_fixture] provider stream done: ok=true
[ui_fixture] provider stream called
[ui_fixture] provider stream done: ok=false
